HP@LAPTOP-18KCPA72 MINGW64 ~ (master)
$ cd desktop

HP@LAPTOP-18KCPA72 MINGW64 ~/desktop (master)
$ cd git

HP@LAPTOP-18KCPA72 MINGW64 ~/desktop/git (master)
$ ls
'git 1.txt'

HP@LAPTOP-18KCPA72 MINGW64 ~/desktop/git (master)
$ ls -la
total 5
drwxr-xr-x 1 HP 197121  0 Jan 21 09:34  ./
drwxr-xr-x 1 HP 197121  0 Jan 21 09:33  ../
-rw-r--r-- 1 HP 197121 29 Jan 21 09:34 'git 1.txt'

HP@LAPTOP-18KCPA72 MINGW64 ~/desktop/git (master)
$ git init
Initialized empty Git repository in C:/Users/HP/Desktop/git/.git/

HP@LAPTOP-18KCPA72 MINGW64 ~/desktop/git (master)
$ git status
On branch master

No commits yet

Untracked files:
  (use "git add <file>..." to include in what will be committed)
        git 1.txt

nothing added to commit but untracked files present (use "git add" to track)

HP@LAPTOP-18KCPA72 MINGW64 ~/desktop/git (master)
$ ls
'git 1.txt'   git2.txt

HP@LAPTOP-18KCPA72 MINGW64 ~/desktop/git (master)
$ git status
On branch master

No commits yet

Untracked files:
  (use "git add <file>..." to include in what will be committed)
        git 1.txt
        git2.txt

nothing added to commit but untracked files present (use "git add" to track)

HP@LAPTOP-18KCPA72 MINGW64 ~/desktop/git (master)
$ git commit
On branch master

Initial commit

Untracked files:
  (use "git add <file>..." to include in what will be committed)
        git 1.txt
        git2.txt

nothing added to commit but untracked files present (use "git add" to track)

HP@LAPTOP-18KCPA72 MINGW64 ~/desktop/git (master)
$ git add git2.txt

HP@LAPTOP-18KCPA72 MINGW64 ~/desktop/git (master)
$ git status
On branch master

No commits yet

Changes to be committed:
  (use "git rm --cached <file>..." to unstage)
        new file:   git2.txt

Untracked files:
  (use "git add <file>..." to include in what will be committed)
        git 1.txt


HP@LAPTOP-18KCPA72 MINGW64 ~/desktop/git (master)
$ git commit -m "my first commit"
[master (root-commit) f7acf4a] my first commit
 1 file changed, 0 insertions(+), 0 deletions(-)
 create mode 100644 git2.txt

HP@LAPTOP-18KCPA72 MINGW64 ~/desktop/git (master)
$ git remote add origin https://github.com/devisree99/git-tutorial.git

HP@LAPTOP-18KCPA72 MINGW64 ~/desktop/git (master)
$ git push https://github.com/devisree99/git-tutorial.git
Enumerating objects: 3, done.
Counting objects: 100% (3/3), done.
Writing objects: 100% (3/3), 214 bytes | 107.00 KiB/s, done.
Total 3 (delta 0), reused 0 (delta 0), pack-reused 0
To https://github.com/devisree99/git-tutorial.git
 * [new branch]      master -> master

HP@LAPTOP-18KCPA72 MINGW64 ~/desktop/git (master)
$ git branch devi

HP@LAPTOP-18KCPA72 MINGW64 ~/desktop/git (master)
$ git branch
  devi
* master

HP@LAPTOP-18KCPA72 MINGW64 ~/desktop/git (master)
$ git switch devi
Switched to branch 'devi'

HP@LAPTOP-18KCPA72 MINGW64 ~/desktop/git (devi)
$ git commit -a
On branch devi
Untracked files:
  (use "git add <file>..." to include in what will be committed)
        git 1.txt

nothing added to commit but untracked files present (use "git add" to track)

HP@LAPTOP-18KCPA72 MINGW64 ~/desktop/git (devi)
$ git add git 1.txt
fatal: pathspec 'git' did not match any files

HP@LAPTOP-18KCPA72 MINGW64 ~/desktop/git (devi)
$ git switch master
Switched to branch 'master'

HP@LAPTOP-18KCPA72 MINGW64 ~/desktop/git (master)
$ git status
On branch master
Untracked files:
  (use "git add <file>..." to include in what will be committed)
        git 1.txt

nothing added to commit but untracked files present (use "git add" to track)

HP@LAPTOP-18KCPA72 MINGW64 ~/desktop/git (master)
$ git add git 1.txt
fatal: pathspec 'git' did not match any files

HP@LAPTOP-18KCPA72 MINGW64 ~/desktop/git (master)
$ git add git1.txt
fatal: pathspec 'git1.txt' did not match any files

HP@LAPTOP-18KCPA72 MINGW64 ~/desktop/git (master)
$ git status
On branch master
Untracked files:
  (use "git add <file>..." to include in what will be committed)
        git 1.txt
        git 3.txt

nothing added to commit but untracked files present (use "git add" to track)

HP@LAPTOP-18KCPA72 MINGW64 ~/desktop/git (master)
$ git status
On branch master
Untracked files:
  (use "git add <file>..." to include in what will be committed)
        git1.txt
        git3.txt

nothing added to commit but untracked files present (use "git add" to track)

HP@LAPTOP-18KCPA72 MINGW64 ~/desktop/git (master)
$ git add git1.txt

HP@LAPTOP-18KCPA72 MINGW64 ~/desktop/git (master)
$ git add git3.txt

HP@LAPTOP-18KCPA72 MINGW64 ~/desktop/git (master)
$ git status
On branch master
Changes to be committed:
  (use "git restore --staged <file>..." to unstage)
        new file:   git1.txt
        new file:   git3.txt


HP@LAPTOP-18KCPA72 MINGW64 ~/desktop/git (master)
$ git push https://github.com/devisree99/git-tutorial.git
Everything up-to-date

HP@LAPTOP-18KCPA72 MINGW64 ~/desktop/git (master)
$ git push
fatal: The current branch master has no upstream branch.
To push the current branch and set the remote as upstream, use

    git push --set-upstream origin master


HP@LAPTOP-18KCPA72 MINGW64 ~/desktop/git (master)
$ git remote add origin https://github.com/devisree99/git-tutorial.git
error: remote origin already exists.

HP@LAPTOP-18KCPA72 MINGW64 ~/desktop/git (master)
$ git push https://github.com/devisree99/git-tutorial.git
Everything up-to-date

HP@LAPTOP-18KCPA72 MINGW64 ~/desktop/git (master)
$ git commit -m 'adding git1.txt to the repo'
[master 57f02ad] adding git1.txt to the repo
 2 files changed, 2 insertions(+)
 create mode 100644 git1.txt
 create mode 100644 git3.txt

HP@LAPTOP-18KCPA72 MINGW64 ~/desktop/git (master)
$ git push
fatal: The current branch master has no upstream branch.
To push the current branch and set the remote as upstream, use

    git push --set-upstream origin master


HP@LAPTOP-18KCPA72 MINGW64 ~/desktop/git (master)
$ git push https://github.com/devisree99/git-tutorial.git
Enumerating objects: 5, done.
Counting objects: 100% (5/5), done.
Delta compression using up to 8 threads
Compressing objects: 100% (2/2), done.
Writing objects: 100% (4/4), 366 bytes | 366.00 KiB/s, done.
Total 4 (delta 0), reused 0 (delta 0), pack-reused 0
To https://github.com/devisree99/git-tutorial.git
   f7acf4a..57f02ad  master -> master

